// Jest Snapshot v1, https://goo.gl/fbAQLP

exports[`AuthCard bate o snapshot do AuthCard 1`] = `
<DocumentFragment>
  <div
    class="MuiPaper-root MuiPaper-elevation MuiPaper-rounded MuiPaper-elevation0 css-1g1z0vk-MuiPaper-root"
    style="--Paper-shadow: none;"
  >
    <div>
      Snapshot test
    </div>
  </div>
</DocumentFragment>
`;
